// Jest Snapshot v1, https://goo.gl/fbAQLP

exports[`Prueba unitaria TodoApp deberia de realizar el snapshot  1`] = `
<div>
  <h1>
    TodoApp ( 
    0
     )
  </h1>
  <hr />
  <div
    className="row"
  >
    <div
      className="col-8"
    >
      <TodoList
        deleteTodo={[Function]}
        todosArray={Array []}
        toggleTodo={[Function]}
      />
    </div>
    <div
      className="col-4"
    >
      <TodoForm
        hadleAddTodo={[Function]}
      />
    </div>
  </div>
</div>
`;
